// Vitest Snapshot v1, https://vitest.dev/guide/snapshot.html

exports[`Home page snapshot 1`] = `
<div>
  <div
    class="header"
  >
    <div
      class="shop-name"
    >
      Some-shop
    </div>
    <div
      class="nav-bar"
    >
      <a
        href="/"
      >
        Home
      </a>
      <a
        href="/shop"
      >
        Shop
      </a>
      <a
        href="/cart"
      >
        Cart
      </a>
    </div>
  </div>
  <div
    class="main"
  />
</div>
`;
